"\375\000\001\002\003\004\005\006\007\b\t\n\v\f\r\016\017\020\021\022\023\024\025\026\027\030\031\032\e\034\035\036\037 !\"#$%&'()*+,-./0123456789:;<=>?@ABCDEFGHIJKLMNOPQRSTUVWXYZ[\\]^_`abcdefghijklmnopqrstuvwxyz{|}~\d\200\201\202\203\204\205\206\207\210\211\212\213\214\215\216\217\220\221\222\223\224\225\226\227\230\231\232\233\234\235\236\237\240\241\242\243\244\245\246\247\250\251\252\253\254\255\256\257\260\261\262\263\264\265\266\267\270\271\272\273\274\275\276\277\300\301\302\303\304\305\306\307\310\311\312\313\314\315\316\317\320\321\322\323\324\325\326\327\330\331\332\333\334\335\336\337\340\341\342\343\344\345\346\347\350\351\352\353\354\355\356\357\360\361\362\363\364\365\366\367\370\371\372\373\374\377\376"
"\375\001\000\001\002\003\004\005\006\007\b\t\n\v\f\r\016\017\020\021\022\023\024\025\026\027\030\031\032\e\034\035\036\037 !\"#$%&'()*+,-./0123456789:;<=>?@ABCDEFGHIJKLMNOPQRSTUVWXYZ[\\]^_`abcdefghijklmnopqrstuvwxyz{|}~\d\200\201\202\203\204\205\206\207\210\211\212\213\214\215\216\217\220\221\222\223\224\225\226\227\230\231\232\233\234\235\236\237\240\241\242\243\244\245\246\247\250\251\252\253\254\255\256\257\260\261\262\263\264\265\266\267\270\271\272\273\274\275\276\277\300\301\302\303\304\305\306\307\310\311\312\313\314\315\316\317\320\321\322\323\324\325\326\327\330\331\332\333\334\335\336\337\340\341\342\343\344\345\346\347\350\351\352\353\354\355\356\357\360\361\362\363\364\365\366\367\370\371\372\373\377\001"
"\002\001\377\376\375\374\373\372\371\370\367\366\365\364\363\362\361\360\357\356\355\354\353\352\351\350\347\346\345\344\343\342\341\340\337\336\335\334\333\332\331\330\327\326\325\324\323\322\321\320\317\316\315\314\313\312\311\310\307\306\305\304\303\302\301\300\277\276\275\274\273\272\271\270\267\266\265\264\263\262\261\260\257\256\255\254\253\252\251\250\247\246\245\244\243\242\241\240\237\236\235\234\233\232\231\230\227\226\225\224\223\222\221\220\217\216\215\214\213\212\211\210\207\206\205\204\203\202\201\200\d~}|{zyxwvutsrqponmlkjihgfedcba`_^]\\[ZYXWVUTSRQPONMLKJIHGFEDCBA@?>=<;:9876543210/.-,+*)('&%$#\"! \037\036\035\034\e\032\031\030\027\026\025\024\023\022\021\020\017\016\r\f\v\n\t\b\007\006\005\004\000\001"
"\002\377\376\375\374\373\372\371\370\367\366\365\364\363\362\361\360\357\356\355\354\353\352\351\350\347\346\345\344\343\342\341\340\337\336\335\334\333\332\331\330\327\326\325\324\323\322\321\320\317\316\315\314\313\312\311\310\307\306\305\304\303\302\301\300\277\276\275\274\273\272\271\270\267\266\265\264\263\262\261\260\257\256\255\254\253\252\251\250\247\246\245\244\243\242\241\240\237\236\235\234\233\232\231\230\227\226\225\224\223\222\221\220\217\216\215\214\213\212\211\210\207\206\205\204\203\202\201\200\d~}|{zyxwvutsrqponmlkjihgfedcba`_^]\\[ZYXWVUTSRQPONMLKJIHGFEDCBA@?>=<;:9876543210/.-,+*)('&%$#\"! \037\036\035\034\e\032\031\030\027\026\025\024\023\022\021\020\017\016\r\f\v\n\t\b\007\006\005\004\003\000\001"
