+---------+
| p       |
| u e     |
| r g     |
| p g     |
|elephants|
| e l     |
|   and   |
|   n     |
|   t     |
|   s     |
+---------+
