aaabbbccc
aaaaaaaaabbbbbbbbbccccccccc
abc
aabbcc
aabbcc
aaabbbccc
aabbcc
abc
aaaabbbbcccc
aaabbbccc
