36 % 7 ----> 1
-36 % 7 ----> -1
36 % -7 ----> 1
-36 % -7 ----> -1
36. % 7 ----> 1.0
36 % 7. ----> 1.0
36. % 7. ----> 1.0
-36. % 7 ----> -1.0
36 % -7. ----> 1.0
-36. % -7. ----> -1.0
Run-time error 102 at line 19 in expr69.icn
numeric expected
offending value: "a"
