36 / 9 ----> 4
-36 / 9 ----> -4
36 / -9 ----> -4
-36 / -9 ----> 4
36. / 9 ----> 4.0
36 / 9. ----> 4.0
36. / 9. ----> 4.0
-36. / 9 ----> -4.0
36 / -9. ----> -4.0
-36. / -9. ----> 4.0
Run-time error 102 at line 19 in expr71.icn
numeric expected
offending value: "a"
