[] ||| [] ----> list(0)
[1,2,3] ||| [] ----> list(3)
[] ||| [1,2,3] ----> list(3)
Run-time error 103 at line 12 in expr80.icn
string expected
offending value: [,,,...,,,]
