100 - - 4 ----> 104
100 --4 ----> '01'
100- - 4 ----> 104
100 -- 4 ----> '01'
100 - -4 ----> 104
Run-time error 102 at line 14 in expr39.icn
numeric expected
offending value: &null
