f := open("foo.baz","w") ----> file(foo.baz)
write(f,"hello world") ----> "hello world"
close(f) ----> file(foo.baz)
system("diff expr28.icn expr28.icn") ----> 0
