/usr1/icon
wyse75
"foo" is not an environment variable
