-2147483648
123
82316
3
82908
0
82896
82888
Run-time error 205 at line 14 in iscope.icn
value out of range
offending value: "fussbudget"
