1000000000
2073741824
Run-time error 203 at line 6 in overm.icn
integer overflow
