110000
1073851824
Run-time error 203 at line 6 in overa.icn
integer overflow
