rogram
rogrma
rogarm
rogamr
rogmra
rogmar
rorgam
rorgma
roragm
roramg
rormga
rormag
roagrm
roagmr
roargm
roarmg
roamgr
roamrg
romgra
romgar
romrga
romrag
romagr
romarg
rgoram
rgorma
rgoarm
rgoamr
rgomra
rgomar
rgroam
rgroma
rgraom
rgramo
rgrmoa
rgrmao
rgaorm
rgaomr
rgarom
rgarmo
rgamor
rgamro
rgmora
rgmoar
rgmroa
rgmrao
rgmaor
rgmaro
rrogam
rrogma
rroagm
rroamg
rromga
rromag
rrgoam
rrgoma
rrgaom
rrgamo
rrgmoa
rrgmao
rraogm
rraomg
rragom
rragmo
rramog
rramgo
rrmoga
rrmoag
rrmgoa
rrmgao
rrmaog
rrmago
raogrm
raogmr
raorgm
raormg
raomgr
raomrg
ragorm
ragomr
ragrom
ragrmo
ragmor
ragmro
rarogm
raromg
rargom
rargmo
rarmog
rarmgo
ramogr
ramorg
ramgor
ramgro
ramrog
ramrgo
rmogra
rmogar
rmorga
rmorag
rmoagr
rmoarg
rmgora
rmgoar
rmgroa
rmgrao
rmgaor
rmgaro
rmroga
rmroag
rmrgoa
rmrgao
rmraog
rmrago
rmaogr
rmaorg
rmagor
rmagro
rmarog
rmargo
orgram
orgrma
orgarm
orgamr
orgmra
orgmar
orrgam
orrgma
orragm
orramg
orrmga
orrmag
oragrm
oragmr
orargm
orarmg
oramgr
oramrg
ormgra
ormgar
ormrga
ormrag
ormagr
ormarg
ogrram
ogrrma
ograrm
ogramr
ogrmra
ogrmar
ogrram
ogrrma
ograrm
ogramr
ogrmra
ogrmar
ogarrm
ogarmr
ogarrm
ogarmr
ogamrr
ogamrr
ogmrra
ogmrar
ogmrra
ogmrar
ogmarr
ogmarr
orrgam
orrgma
orragm
orramg
orrmga
orrmag
orgram
orgrma
orgarm
orgamr
orgmra
orgmar
orargm
orarmg
oragrm
oragmr
oramrg
oramgr
ormrga
ormrag
ormgra
ormgar
ormarg
ormagr
oargrm
oargmr
oarrgm
oarrmg
oarmgr
oarmrg
oagrrm
oagrmr
oagrrm
oagrmr
oagmrr
oagmrr
oarrgm
oarrmg
oargrm
oargmr
oarmrg
oarmgr
oamrgr
oamrrg
oamgrr
oamgrr
oamrrg
oamrgr
omrgra
omrgar
omrrga
omrrag
omragr
omrarg
omgrra
omgrar
omgrra
omgrar
omgarr
omgarr
omrrga
omrrag
omrgra
omrgar
omrarg
omragr
omargr
omarrg
omagrr
omagrr
omarrg
omargr
groram
grorma
groarm
groamr
gromra
gromar
grroam
grroma
grraom
grramo
grrmoa
grrmao
graorm
graomr
grarom
grarmo
gramor
gramro
grmora
grmoar
grmroa
grmrao
grmaor
grmaro
gorram
gorrma
gorarm
goramr
gormra
gormar
gorram
gorrma
gorarm
goramr
gormra
gormar
goarrm
goarmr
goarrm
goarmr
goamrr
goamrr
gomrra
gomrar
gomrra
gomrar
gomarr
gomarr
grroam
grroma
grraom
grramo
grrmoa
grrmao
groram
grorma
groarm
groamr
gromra
gromar
grarom
grarmo
graorm
graomr
gramro
gramor
grmroa
grmrao
grmora
grmoar
grmaro
grmaor
garorm
garomr
garrom
garrmo
garmor
garmro
gaorrm
gaormr
gaorrm
gaormr
gaomrr
gaomrr
garrom
garrmo
garorm
garomr
garmro
garmor
gamror
gamrro
gamorr
gamorr
gamrro
gamror
gmrora
gmroar
gmrroa
gmrrao
gmraor
gmraro
gmorra
gmorar
gmorra
gmorar
gmoarr
gmoarr
gmrroa
gmrrao
gmrora
gmroar
gmraro
gmraor
gmaror
gmarro
gmaorr
gmaorr
gmarro
gmaror
rrogam
rrogma
rroagm
rroamg
rromga
rromag
rrgoam
rrgoma
rrgaom
rrgamo
rrgmoa
rrgmao
rraogm
rraomg
rragom
rragmo
rramog
rramgo
rrmoga
rrmoag
rrmgoa
rrmgao
rrmaog
rrmago
rorgam
rorgma
roragm
roramg
rormga
rormag
rogram
rogrma
rogarm
rogamr
rogmra
rogmar
roargm
roarmg
roagrm
roagmr
roamrg
roamgr
romrga
romrag
romgra
romgar
romarg
romagr
rgroam
rgroma
rgraom
rgramo
rgrmoa
rgrmao
rgoram
rgorma
rgoarm
rgoamr
rgomra
rgomar
rgarom
rgarmo
rgaorm
rgaomr
rgamro
rgamor
rgmroa
rgmrao
rgmora
rgmoar
rgmaro
rgmaor
rarogm
raromg
rargom
rargmo
rarmog
rarmgo
raorgm
raormg
raogrm
raogmr
raomrg
raomgr
ragrom
ragrmo
ragorm
ragomr
ragmro
ragmor
ramrog
ramrgo
ramorg
ramogr
ramgro
ramgor
rmroga
rmroag
rmrgoa
rmrgao
rmraog
rmrago
rmorga
rmorag
rmogra
rmogar
rmoarg
rmoagr
rmgroa
rmgrao
rmgora
rmgoar
rmgaro
rmgaor
rmarog
rmargo
rmaorg
rmaogr
rmagro
rmagor
arogrm
arogmr
arorgm
arormg
aromgr
aromrg
argorm
argomr
argrom
argrmo
argmor
argmro
arrogm
arromg
arrgom
arrgmo
arrmog
arrmgo
armogr
armorg
armgor
armgro
armrog
armrgo
aorgrm
aorgmr
aorrgm
aorrmg
aormgr
aormrg
aogrrm
aogrmr
aogrrm
aogrmr
aogmrr
aogmrr
aorrgm
aorrmg
aorgrm
aorgmr
aormrg
aormgr
aomrgr
aomrrg
aomgrr
aomgrr
aomrrg
aomrgr
agrorm
agromr
agrrom
agrrmo
agrmor
agrmro
agorrm
agormr
agorrm
agormr
agomrr
agomrr
agrrom
agrrmo
agrorm
agromr
agrmro
agrmor
agmror
agmrro
agmorr
agmorr
agmrro
agmror
arrogm
arromg
arrgom
arrgmo
arrmog
arrmgo
arorgm
arormg
arogrm
arogmr
aromrg
aromgr
argrom
argrmo
argorm
argomr
argmro
argmor
armrog
armrgo
armorg
armogr
armgro
armgor
amrogr
amrorg
amrgor
amrgro
amrrog
amrrgo
amorgr
amorrg
amogrr
amogrr
amorrg
amorgr
amgror
amgrro
amgorr
amgorr
amgrro
amgror
amrrog
amrrgo
amrorg
amrogr
amrgro
amrgor
mrogra
mrogar
mrorga
mrorag
mroagr
mroarg
mrgora
mrgoar
mrgroa
mrgrao
mrgaor
mrgaro
mrroga
mrroag
mrrgoa
mrrgao
mrraog
mrrago
mraogr
mraorg
mragor
mragro
mrarog
mrargo
morgra
morgar
morrga
morrag
moragr
morarg
mogrra
mograr
mogrra
mograr
mogarr
mogarr
morrga
morrag
morgra
morgar
morarg
moragr
moargr
moarrg
moagrr
moagrr
moarrg
moargr
mgrora
mgroar
mgrroa
mgrrao
mgraor
mgraro
mgorra
mgorar
mgorra
mgorar
mgoarr
mgoarr
mgrroa
mgrrao
mgrora
mgroar
mgraro
mgraor
mgaror
mgarro
mgaorr
mgaorr
mgarro
mgaror
mrroga
mrroag
mrrgoa
mrrgao
mrraog
mrrago
mrorga
mrorag
mrogra
mrogar
mroarg
mroagr
mrgroa
mrgrao
mrgora
mrgoar
mrgaro
mrgaor
mrarog
mrargo
mraorg
mraogr
mragro
mragor
marogr
marorg
margor
margro
marrog
marrgo
maorgr
maorrg
maogrr
maogrr
maorrg
maorgr
magror
magrro
magorr
magorr
magrro
magror
marrog
marrgo
marorg
marogr
margro
margor
rogram
rogrma
rogarm
rogamr
rogmra
rogmar
rorgam
rorgma
roragm
roramg
rormga
rormag
roagrm
roagmr
roargm
roarmg
roamgr
roamrg
romgra
romgar
romrga
romrag
romagr
romarg
rgoram
rgorma
rgoarm
rgoamr
rgomra
rgomar
rgroam
rgroma
rgraom
rgramo
rgrmoa
rgrmao
rgaorm
rgaomr
rgarom
rgarmo
rgamor
rgamro
rgmora
rgmoar
rgmroa
rgmrao
rgmaor
rgmaro
rrogam
rrogma
rroagm
rroamg
rromga
rromag
rrgoam
rrgoma
rrgaom
rrgamo
rrgmoa
rrgmao
rraogm
rraomg
rragom
rragmo
rramog
rramgo
rrmoga
rrmoag
rrmgoa
rrmgao
rrmaog
rrmago
raogrm
raogmr
raorgm
raormg
raomgr
raomrg
ragorm
ragomr
ragrom
ragrmo
ragmor
ragmro
rarogm
raromg
rargom
rargmo
rarmog
rarmgo
ramogr
ramorg
ramgor
ramgro
ramrog
ramrgo
rmogra
rmogar
rmorga
rmorag
rmoagr
rmoarg
rmgora
rmgoar
rmgroa
rmgrao
rmgaor
rmgaro
rmroga
rmroag
rmrgoa
rmrgao
rmraog
rmrago
rmaogr
rmaorg
rmagor
rmagro
rmarog
rmargo
orgram
orgrma
orgarm
orgamr
orgmra
orgmar
orrgam
orrgma
orragm
orramg
orrmga
orrmag
oragrm
oragmr
orargm
orarmg
oramgr
oramrg
ormgra
ormgar
ormrga
ormrag
ormagr
ormarg
ogrram
ogrrma
ograrm
ogramr
ogrmra
ogrmar
ogrram
ogrrma
ograrm
ogramr
ogrmra
ogrmar
ogarrm
ogarmr
ogarrm
ogarmr
ogamrr
ogamrr
ogmrra
ogmrar
ogmrra
ogmrar
ogmarr
ogmarr
orrgam
orrgma
orragm
orramg
orrmga
orrmag
orgram
orgrma
orgarm
orgamr
orgmra
orgmar
orargm
orarmg
oragrm
oragmr
oramrg
oramgr
ormrga
ormrag
ormgra
ormgar
ormarg
ormagr
oargrm
oargmr
oarrgm
oarrmg
oarmgr
oarmrg
oagrrm
oagrmr
oagrrm
oagrmr
oagmrr
oagmrr
oarrgm
oarrmg
oargrm
oargmr
oarmrg
oarmgr
oamrgr
oamrrg
oamgrr
oamgrr
oamrrg
oamrgr
omrgra
omrgar
omrrga
omrrag
omragr
omrarg
omgrra
omgrar
omgrra
omgrar
omgarr
omgarr
omrrga
omrrag
omrgra
omrgar
omrarg
omragr
omargr
omarrg
omagrr
omagrr
omarrg
omargr
groram
grorma
groarm
groamr
gromra
gromar
grroam
grroma
grraom
grramo
grrmoa
grrmao
graorm
graomr
grarom
grarmo
gramor
gramro
grmora
grmoar
grmroa
grmrao
grmaor
grmaro
gorram
gorrma
gorarm
goramr
gormra
gormar
gorram
gorrma
gorarm
goramr
gormra
gormar
goarrm
goarmr
goarrm
goarmr
goamrr
goamrr
gomrra
gomrar
gomrra
gomrar
gomarr
gomarr
grroam
grroma
grraom
grramo
grrmoa
grrmao
groram
grorma
groarm
groamr
gromra
gromar
grarom
grarmo
graorm
graomr
gramro
gramor
grmroa
grmrao
grmora
grmoar
grmaro
grmaor
garorm
garomr
garrom
garrmo
garmor
garmro
gaorrm
gaormr
gaorrm
gaormr
gaomrr
gaomrr
garrom
garrmo
garorm
garomr
garmro
garmor
gamror
gamrro
gamorr
gamorr
gamrro
gamror
gmrora
gmroar
gmrroa
gmrrao
gmraor
gmraro
gmorra
gmorar
gmorra
gmorar
gmoarr
gmoarr
gmrroa
gmrrao
gmrora
gmroar
gmraro
gmraor
gmaror
gmarro
gmaorr
gmaorr
gmarro
gmaror
rrogam
rrogma
rroagm
rroamg
rromga
rromag
rrgoam
rrgoma
rrgaom
rrgamo
rrgmoa
rrgmao
rraogm
rraomg
rragom
rragmo
rramog
rramgo
rrmoga
rrmoag
rrmgoa
rrmgao
rrmaog
rrmago
rorgam
rorgma
roragm
roramg
rormga
rormag
rogram
rogrma
rogarm
rogamr
rogmra
rogmar
roargm
roarmg
roagrm
roagmr
roamrg
roamgr
romrga
romrag
romgra
romgar
romarg
romagr
rgroam
rgroma
rgraom
rgramo
rgrmoa
rgrmao
rgoram
rgorma
rgoarm
rgoamr
rgomra
rgomar
rgarom
rgarmo
rgaorm
rgaomr
rgamro
rgamor
rgmroa
rgmrao
rgmora
rgmoar
rgmaro
rgmaor
rarogm
raromg
rargom
rargmo
rarmog
rarmgo
raorgm
raormg
raogrm
raogmr
raomrg
raomgr
ragrom
ragrmo
ragorm
ragomr
ragmro
ragmor
ramrog
ramrgo
ramorg
ramogr
ramgro
ramgor
rmroga
rmroag
rmrgoa
rmrgao
rmraog
rmrago
rmorga
rmorag
rmogra
rmogar
rmoarg
rmoagr
rmgroa
rmgrao
rmgora
rmgoar
rmgaro
rmgaor
rmarog
rmargo
rmaorg
rmaogr
rmagro
rmagor
arogrm
arogmr
arorgm
arormg
aromgr
aromrg
argorm
argomr
argrom
argrmo
argmor
argmro
arrogm
arromg
arrgom
arrgmo
arrmog
arrmgo
armogr
armorg
armgor
armgro
armrog
armrgo
aorgrm
aorgmr
aorrgm
aorrmg
aormgr
aormrg
aogrrm
aogrmr
aogrrm
aogrmr
aogmrr
aogmrr
aorrgm
aorrmg
aorgrm
aorgmr
aormrg
aormgr
aomrgr
aomrrg
aomgrr
aomgrr
aomrrg
aomrgr
agrorm
agromr
agrrom
agrrmo
agrmor
agrmro
agorrm
agormr
agorrm
agormr
agomrr
agomrr
agrrom
agrrmo
agrorm
agromr
agrmro
agrmor
agmror
agmrro
agmorr
agmorr
agmrro
agmror
arrogm
arromg
arrgom
arrgmo
arrmog
arrmgo
arorgm
arormg
arogrm
arogmr
aromrg
aromgr
argrom
argrmo
argorm
argomr
argmro
argmor
armrog
armrgo
armorg
armogr
armgro
armgor
amrogr
amrorg
amrgor
amrgro
amrrog
amrrgo
amorgr
amorrg
amogrr
amogrr
amorrg
amorgr
amgror
amgrro
amgorr
amgorr
amgrro
amgror
amrrog
amrrgo
amrorg
amrogr
amrgro
amrgor
mrogra
mrogar
mrorga
mrorag
mroagr
mroarg
mrgora
mrgoar
mrgroa
mrgrao
mrgaor
mrgaro
mrroga
mrroag
mrrgoa
mrrgao
mrraog
mrrago
mraogr
mraorg
mragor
mragro
mrarog
mrargo
morgra
morgar
morrga
morrag
moragr
morarg
mogrra
mograr
mogrra
mograr
mogarr
mogarr
morrga
morrag
morgra
morgar
morarg
moragr
moargr
moarrg
moagrr
moagrr
moarrg
moargr
mgrora
mgroar
mgrroa
mgrrao
mgraor
mgraro
mgorra
mgorar
mgorra
mgorar
mgoarr
mgoarr
mgrroa
mgrrao
mgrora
mgroar
mgraro
mgraor
mgaror
mgarro
mgaorr
mgaorr
mgarro
mgaror
mrroga
mrroag
mrrgoa
mrrgao
mrraog
mrrago
mrorga
mrorag
mrogra
mrogar
mroarg
mroagr
mrgroa
mrgrao
mrgora
mrgoar
mrgaro
mrgaor
mrarog
mrargo
mraorg
mraogr
mragro
mragor
marogr
marorg
margor
margro
marrog
marrgo
maorgr
maorrg
maogrr
maogrr
maorrg
maorgr
magror
magrro
magorr
magorr
magrro
magror
marrog
marrgo
marorg
marogr
margro
margor
rogram
rogrma
rogarm
rogamr
rogmra
rogmar
rorgam
rorgma
roragm
roramg
rormga
rormag
roagrm
roagmr
roargm
roarmg
roamgr
roamrg
romgra
romgar
romrga
romrag
romagr
romarg
rgoram
rgorma
rgoarm
rgoamr
rgomra
rgomar
rgroam
rgroma
rgraom
rgramo
rgrmoa
rgrmao
rgaorm
rgaomr
rgarom
rgarmo
rgamor
rgamro
rgmora
rgmoar
rgmroa
rgmrao
rgmaor
rgmaro
rrogam
rrogma
rroagm
rroamg
rromga
rromag
rrgoam
rrgoma
rrgaom
rrgamo
rrgmoa
rrgmao
rraogm
rraomg
rragom
rragmo
rramog
rramgo
rrmoga
rrmoag
rrmgoa
rrmgao
rrmaog
rrmago
raogrm
raogmr
raorgm
raormg
raomgr
raomrg
ragorm
ragomr
ragrom
ragrmo
ragmor
ragmro
rarogm
raromg
rargom
rargmo
rarmog
rarmgo
ramogr
ramorg
ramgor
ramgro
ramrog
ramrgo
rmogra
rmogar
rmorga
rmorag
rmoagr
rmoarg
rmgora
rmgoar
rmgroa
rmgrao
rmgaor
rmgaro
rmroga
rmroag
rmrgoa
rmrgao
rmraog
rmrago
rmaogr
rmaorg
rmagor
rmagro
rmarog
rmargo
orgram
orgrma
orgarm
orgamr
orgmra
orgmar
orrgam
orrgma
orragm
orramg
orrmga
orrmag
oragrm
oragmr
orargm
orarmg
oramgr
oramrg
ormgra
ormgar
ormrga
ormrag
ormagr
ormarg
ogrram
ogrrma
ograrm
ogramr
ogrmra
ogrmar
ogrram
ogrrma
ograrm
ogramr
ogrmra
ogrmar
ogarrm
ogarmr
ogarrm
ogarmr
ogamrr
ogamrr
ogmrra
ogmrar
ogmrra
ogmrar
ogmarr
ogmarr
orrgam
orrgma
orragm
orramg
orrmga
orrmag
orgram
orgrma
orgarm
orgamr
orgmra
orgmar
orargm
orarmg
oragrm
oragmr
oramrg
oramgr
ormrga
ormrag
ormgra
ormgar
ormarg
ormagr
oargrm
oargmr
oarrgm
oarrmg
oarmgr
oarmrg
oagrrm
oagrmr
oagrrm
oagrmr
oagmrr
oagmrr
oarrgm
oarrmg
oargrm
oargmr
oarmrg
oarmgr
oamrgr
oamrrg
oamgrr
oamgrr
oamrrg
oamrgr
omrgra
omrgar
omrrga
omrrag
omragr
omrarg
omgrra
omgrar
omgrra
omgrar
omgarr
omgarr
omrrga
omrrag
omrgra
omrgar
omrarg
omragr
omargr
omarrg
omagrr
omagrr
omarrg
omargr
groram
grorma
groarm
groamr
gromra
gromar
grroam
grroma
grraom
grramo
grrmoa
grrmao
graorm
graomr
grarom
grarmo
gramor
gramro
grmora
grmoar
grmroa
grmrao
grmaor
grmaro
gorram
gorrma
gorarm
goramr
gormra
gormar
gorram
gorrma
gorarm
goramr
gormra
gormar
goarrm
goarmr
goarrm
goarmr
goamrr
goamrr
gomrra
gomrar
gomrra
gomrar
gomarr
gomarr
grroam
grroma
grraom
grramo
grrmoa
grrmao
groram
grorma
groarm
groamr
gromra
gromar
grarom
grarmo
graorm
graomr
gramro
gramor
grmroa
grmrao
grmora
grmoar
grmaro
grmaor
garorm
garomr
garrom
garrmo
garmor
garmro
gaorrm
gaormr
gaorrm
gaormr
gaomrr
gaomrr
garrom
garrmo
garorm
garomr
garmro
garmor
gamror
gamrro
gamorr
gamorr
gamrro
gamror
gmrora
gmroar
gmrroa
gmrrao
gmraor
gmraro
gmorra
gmorar
gmorra
gmorar
gmoarr
gmoarr
gmrroa
gmrrao
gmrora
gmroar
gmraro
gmraor
gmaror
gmarro
gmaorr
gmaorr
gmarro
gmaror
rrogam
rrogma
rroagm
rroamg
rromga
rromag
rrgoam
rrgoma
rrgaom
rrgamo
rrgmoa
rrgmao
rraogm
rraomg
rragom
rragmo
rramog
rramgo
rrmoga
rrmoag
rrmgoa
rrmgao
rrmaog
rrmago
rorgam
rorgma
roragm
roramg
rormga
rormag
rogram
rogrma
rogarm
rogamr
rogmra
rogmar
roargm
roarmg
roagrm
roagmr
roamrg
roamgr
romrga
romrag
romgra
romgar
romarg
romagr
rgroam
rgroma
rgraom
rgramo
rgrmoa
rgrmao
rgoram
rgorma
rgoarm
rgoamr
rgomra
rgomar
rgarom
rgarmo
rgaorm
rgaomr
rgamro
rgamor
rgmroa
rgmrao
rgmora
rgmoar
rgmaro
rgmaor
rarogm
raromg
rargom
rargmo
rarmog
rarmgo
raorgm
raormg
raogrm
raogmr
raomrg
raomgr
ragrom
ragrmo
ragorm
ragomr
ragmro
ragmor
ramrog
ramrgo
ramorg
ramogr
ramgro
ramgor
rmroga
rmroag
rmrgoa
rmrgao
rmraog
rmrago
rmorga
rmorag
rmogra
rmogar
rmoarg
rmoagr
rmgroa
rmgrao
rmgora
rmgoar
rmgaro
rmgaor
rmarog
rmargo
rmaorg
rmaogr
rmagro
rmagor
arogrm
arogmr
arorgm
arormg
aromgr
aromrg
argorm
argomr
argrom
argrmo
argmor
argmro
arrogm
arromg
arrgom
arrgmo
arrmog
arrmgo
armogr
armorg
armgor
armgro
armrog
armrgo
aorgrm
aorgmr
aorrgm
aorrmg
aormgr
aormrg
aogrrm
aogrmr
aogrrm
aogrmr
aogmrr
aogmrr
aorrgm
aorrmg
aorgrm
aorgmr
aormrg
aormgr
aomrgr
aomrrg
aomgrr
aomgrr
aomrrg
aomrgr
agrorm
agromr
agrrom
agrrmo
agrmor
agrmro
agorrm
agormr
agorrm
agormr
agomrr
agomrr
agrrom
agrrmo
agrorm
agromr
agrmro
agrmor
agmror
agmrro
agmorr
agmorr
agmrro
agmror
arrogm
arromg
arrgom
arrgmo
arrmog
arrmgo
arorgm
arormg
arogrm
arogmr
aromrg
aromgr
argrom
argrmo
argorm
argomr
argmro
argmor
armrog
armrgo
armorg
armogr
armgro
armgor
amrogr
amrorg
amrgor
amrgro
amrrog
amrrgo
amorgr
amorrg
amogrr
amogrr
amorrg
amorgr
amgror
amgrro
amgorr
amgorr
amgrro
amgror
amrrog
amrrgo
amrorg
amrogr
amrgro
amrgor
mrogra
mrogar
mrorga
mrorag
mroagr
mroarg
mrgora
mrgoar
mrgroa
mrgrao
mrgaor
mrgaro
mrroga
mrroag
mrrgoa
mrrgao
mrraog
mrrago
mraogr
mraorg
mragor
mragro
mrarog
mrargo
morgra
morgar
morrga
morrag
moragr
morarg
mogrra
mograr
mogrra
mograr
mogarr
mogarr
morrga
morrag
morgra
morgar
morarg
moragr
moargr
moarrg
moagrr
moagrr
moarrg
moargr
mgrora
mgroar
mgrroa
mgrrao
mgraor
mgraro
mgorra
mgorar
mgorra
mgorar
mgoarr
mgoarr
mgrroa
mgrrao
mgrora
mgroar
mgraro
mgraor
mgaror
mgarro
mgaorr
mgaorr
mgarro
mgaror
mrroga
mrroag
mrrgoa
mrrgao
mrraog
mrrago
mrorga
mrorag
mrogra
mrogar
mroarg
mroagr
mrgroa
mrgrao
mrgora
mrgoar
mrgaro
mrgaor
mrarog
mrargo
mraorg
mraogr
mragro
mragor
marogr
marorg
margor
margro
marrog
marrgo
maorgr
maorrg
maogrr
maogrr
maorrg
maorgr
magror
magrro
magorr
magorr
magrro
magror
marrog
marrgo
marorg
marogr
margro
margor
rogram
rogrma
rogarm
rogamr
rogmra
rogmar
rorgam
rorgma
roragm
roramg
rormga
rormag
roagrm
roagmr
roargm
roarmg
roamgr
roamrg
romgra
romgar
romrga
romrag
romagr
romarg
rgoram
rgorma
rgoarm
rgoamr
rgomra
rgomar
rgroam
rgroma
rgraom
rgramo
rgrmoa
rgrmao
rgaorm
rgaomr
rgarom
rgarmo
rgamor
rgamro
rgmora
rgmoar
rgmroa
rgmrao
rgmaor
rgmaro
rrogam
rrogma
rroagm
rroamg
rromga
rromag
rrgoam
rrgoma
rrgaom
rrgamo
rrgmoa
rrgmao
rraogm
rraomg
rragom
rragmo
rramog
rramgo
rrmoga
rrmoag
rrmgoa
rrmgao
rrmaog
rrmago
raogrm
raogmr
raorgm
raormg
raomgr
raomrg
ragorm
ragomr
ragrom
ragrmo
ragmor
ragmro
rarogm
raromg
rargom
rargmo
rarmog
rarmgo
ramogr
ramorg
ramgor
ramgro
ramrog
ramrgo
rmogra
rmogar
rmorga
rmorag
rmoagr
rmoarg
rmgora
rmgoar
rmgroa
rmgrao
rmgaor
rmgaro
rmroga
rmroag
rmrgoa
rmrgao
rmraog
rmrago
rmaogr
rmaorg
rmagor
rmagro
rmarog
rmargo
orgram
orgrma
orgarm
orgamr
orgmra
orgmar
orrgam
orrgma
orragm
orramg
orrmga
orrmag
oragrm
oragmr
orargm
orarmg
oramgr
oramrg
ormgra
ormgar
ormrga
ormrag
ormagr
ormarg
ogrram
ogrrma
ograrm
ogramr
ogrmra
ogrmar
ogrram
ogrrma
ograrm
ogramr
ogrmra
ogrmar
ogarrm
ogarmr
ogarrm
ogarmr
ogamrr
ogamrr
ogmrra
ogmrar
ogmrra
ogmrar
ogmarr
ogmarr
orrgam
orrgma
orragm
orramg
orrmga
orrmag
orgram
orgrma
orgarm
orgamr
orgmra
orgmar
orargm
orarmg
oragrm
oragmr
oramrg
oramgr
ormrga
ormrag
ormgra
ormgar
ormarg
ormagr
oargrm
oargmr
oarrgm
oarrmg
oarmgr
oarmrg
oagrrm
oagrmr
oagrrm
oagrmr
oagmrr
oagmrr
oarrgm
oarrmg
oargrm
oargmr
oarmrg
oarmgr
oamrgr
oamrrg
oamgrr
oamgrr
oamrrg
oamrgr
omrgra
omrgar
omrrga
omrrag
omragr
omrarg
omgrra
omgrar
omgrra
omgrar
omgarr
omgarr
omrrga
omrrag
omrgra
omrgar
omrarg
omragr
omargr
omarrg
omagrr
omagrr
omarrg
omargr
groram
grorma
groarm
groamr
gromra
gromar
grroam
grroma
grraom
grramo
grrmoa
grrmao
graorm
graomr
grarom
grarmo
gramor
gramro
grmora
grmoar
grmroa
grmrao
grmaor
grmaro
gorram
gorrma
gorarm
goramr
gormra
gormar
gorram
gorrma
gorarm
goramr
gormra
gormar
goarrm
goarmr
goarrm
goarmr
goamrr
goamrr
gomrra
gomrar
gomrra
gomrar
gomarr
gomarr
grroam
grroma
grraom
grramo
grrmoa
grrmao
groram
grorma
groarm
groamr
gromra
gromar
grarom
grarmo
graorm
graomr
gramro
gramor
grmroa
grmrao
grmora
grmoar
grmaro
grmaor
garorm
garomr
garrom
garrmo
garmor
garmro
gaorrm
gaormr
gaorrm
gaormr
gaomrr
gaomrr
garrom
garrmo
garorm
garomr
garmro
garmor
gamror
gamrro
gamorr
gamorr
gamrro
gamror
gmrora
gmroar
gmrroa
gmrrao
gmraor
gmraro
gmorra
gmorar
gmorra
gmorar
gmoarr
gmoarr
gmrroa
gmrrao
gmrora
gmroar
gmraro
gmraor
gmaror
gmarro
gmaorr
gmaorr
gmarro
gmaror
rrogam
rrogma
rroagm
rroamg
rromga
rromag
rrgoam
rrgoma
rrgaom
rrgamo
rrgmoa
rrgmao
rraogm
rraomg
rragom
rragmo
rramog
rramgo
rrmoga
rrmoag
rrmgoa
rrmgao
rrmaog
rrmago
rorgam
rorgma
roragm
roramg
rormga
rormag
rogram
rogrma
rogarm
rogamr
rogmra
rogmar
roargm
roarmg
roagrm
roagmr
roamrg
roamgr
romrga
romrag
romgra
romgar
romarg
romagr
rgroam
rgroma
rgraom
rgramo
rgrmoa
rgrmao
rgoram
rgorma
rgoarm
rgoamr
rgomra
rgomar
rgarom
rgarmo
rgaorm
rgaomr
rgamro
rgamor
rgmroa
rgmrao
rgmora
rgmoar
rgmaro
rgmaor
rarogm
raromg
rargom
rargmo
rarmog
rarmgo
raorgm
raormg
raogrm
raogmr
raomrg
raomgr
ragrom
ragrmo
ragorm
ragomr
ragmro
ragmor
ramrog
ramrgo
ramorg
ramogr
ramgro
ramgor
rmroga
rmroag
rmrgoa
rmrgao
rmraog
rmrago
rmorga
rmorag
rmogra
rmogar
rmoarg
rmoagr
rmgroa
rmgrao
rmgora
rmgoar
rmgaro
rmgaor
rmarog
rmargo
rmaorg
rmaogr
rmagro
rmagor
arogrm
arogmr
arorgm
arormg
aromgr
aromrg
argorm
argomr
argrom
argrmo
argmor
argmro
arrogm
arromg
arrgom
arrgmo
arrmog
arrmgo
armogr
armorg
armgor
armgro
armrog
armrgo
aorgrm
aorgmr
aorrgm
aorrmg
aormgr
aormrg
aogrrm
aogrmr
aogrrm
aogrmr
aogmrr
aogmrr
aorrgm
aorrmg
aorgrm
aorgmr
aormrg
aormgr
aomrgr
aomrrg
aomgrr
aomgrr
aomrrg
aomrgr
agrorm
agromr
agrrom
agrrmo
agrmor
agrmro
agorrm
agormr
agorrm
agormr
agomrr
agomrr
agrrom
agrrmo
agrorm
agromr
agrmro
agrmor
agmror
agmrro
agmorr
agmorr
agmrro
agmror
arrogm
arromg
arrgom
arrgmo
arrmog
arrmgo
arorgm
arormg
arogrm
arogmr
aromrg
aromgr
argrom
argrmo
argorm
argomr
argmro
argmor
armrog
armrgo
armorg
armogr
armgro
armgor
amrogr
amrorg
amrgor
amrgro
amrrog
amrrgo
amorgr
amorrg
amogrr
amogrr
amorrg
amorgr
amgror
amgrro
amgorr
amgorr
amgrro
amgror
amrrog
amrrgo
amrorg
amrogr
amrgro
amrgor
mrogra
mrogar
mrorga
mrorag
mroagr
mroarg
mrgora
mrgoar
mrgroa
mrgrao
mrgaor
mrgaro
mrroga
mrroag
mrrgoa
mrrgao
mrraog
mrrago
mraogr
mraorg
mragor
mragro
mrarog
mrargo
morgra
morgar
morrga
morrag
moragr
morarg
mogrra
mograr
mogrra
mograr
mogarr
mogarr
morrga
morrag
morgra
morgar
morarg
moragr
moargr
moarrg
moagrr
moagrr
moarrg
moargr
mgrora
mgroar
mgrroa
mgrrao
mgraor
mgraro
mgorra
mgorar
mgorra
mgorar
mgoarr
mgoarr
mgrroa
mgrrao
mgrora
mgroar
mgraro
mgraor
mgaror
mgarro
mgaorr
mgaorr
mgarro
mgaror
mrroga
mrroag
mrrgoa
mrrgao
mrraog
mrrago
mrorga
mrorag
mrogra
mrogar
mroarg
mroagr
mrgroa
mrgrao
mrgora
mrgoar
mrgaro
mrgaor
mrarog
mrargo
mraorg
mraogr
mragro
mragor
marogr
marorg
margor
margro
marrog
marrgo
maorgr
maorrg
maogrr
maogrr
maorrg
maorgr
magror
magrro
magorr
magorr
magrro
magror
marrog
marrgo
marorg
marogr
margro
margor
