table(0)
failed
15
17
16
18
17
16
1
20
1
20
table(0)
failed
3
g
t
4
h
u
5
i
v
6
j
w
7
k
x
8
l
y
m
z
a
n
b
o
c
p
d
q
1
e
r
2
f
s
failed
set(2)
set(0)
set(10)
2
4
1
2
3
4
5
6
7
8
9
10
failed
set(0)
failed
13
1
14
2
15
3
16
4
17
5
18
6
19
7
20
8
9
10
11
12
failed
failed
13
1
14
2
3
4
5
6
7
8
9
10
11
12
failed
failed
set(8)
set(32)
set(2)
set(24)
32
g
t
1
h
u
aa
2
i
v
ab
3
j
w
4
k
x
l
y
m
z
a
n
b
o
c
p
d
q
e
r
f
s
failed
2
a
b
failed
g
t
h
u
i
v
j
w
k
x
l
y
m
z
n
o
c
p
d
q
e
r
f
s
failed
