0.0
1.0
1.5574077
0.52359878
1.0471976
0.46364761
0.46364761
6.28318
57.295828
